
> my-project@0.1.0 build
> next build

   Γû▓ Next.js 15.1.6

   Creating an optimized production build ...
node.exe : Failed to 
compile.
At line:1 char:1
+ & "C:\Program 
Files\nodejs/node.exe" 
"C:\Program 
Files\nodejs/node_mo 
...
+ ~~~~~~~~~~~~~~~~~~~~~
~~~~~~~~~~~~~~~~~~~~~~~
~~~~~~~~~~~~~~~~~~~~~~~
~~
    + CategoryInfo     
         : NotSpecifi  
  ed: (Failed to com   
 pile.:String) [],     
RemoteException
    + FullyQualifiedEr 
   rorId : NativeComm  
  andError
 

./src/app/maintenance/p
age.tsx
Module not found: 
Can't resolve 
'jwt-decode'

https://nextjs.org/docs
/messages/module-not-fo
und

./src/app/mess/page.tsx
Module not found: 
Can't resolve 
'jwt-decode'

https://nextjs.org/docs
/messages/module-not-fo
und


> Build failed because 
of webpack errors
